------------------------------------------------------------
TimeQuest Timing Analyzer Summary
------------------------------------------------------------

Type  : Setup 'clk'
Slack : -15.524
TNS   : -589.019

Type  : Setup 'speed_select:speed_select|buad_clk_rx_reg'
Slack : -4.969
TNS   : -87.133

Type  : Setup 'my_uart_rx:my_uart_rx|rx_enable_reg'
Slack : -1.266
TNS   : -1.266

Type  : Hold 'speed_select:speed_select|buad_clk_rx_reg'
Slack : -1.497
TNS   : -11.976

Type  : Hold 'clk'
Slack : 0.662
TNS   : 0.000

Type  : Hold 'my_uart_rx:my_uart_rx|rx_enable_reg'
Slack : 1.712
TNS   : 0.000

Type  : Recovery 'rs232_rx'
Slack : -3.465
TNS   : -3.465

Type  : Recovery 'speed_select:speed_select|buad_clk_rx_reg'
Slack : 0.889
TNS   : 0.000

Type  : Removal 'speed_select:speed_select|buad_clk_rx_reg'
Slack : -0.943
TNS   : -0.943

Type  : Removal 'rs232_rx'
Slack : 3.911
TNS   : 0.000

Type  : Minimum Pulse Width 'clk'
Slack : -2.289
TNS   : -2.289

Type  : Minimum Pulse Width 'rs232_rx'
Slack : -2.289
TNS   : -2.289

Type  : Minimum Pulse Width 'my_uart_rx:my_uart_rx|rx_enable_reg'
Slack : 0.234
TNS   : 0.000

Type  : Minimum Pulse Width 'speed_select:speed_select|buad_clk_rx_reg'
Slack : 0.234
TNS   : 0.000

------------------------------------------------------------
