------------------------------------------------------------
TimeQuest Timing Analyzer Summary
------------------------------------------------------------

Type  : Setup 'clk'
Slack : -11.120
TNS   : -840.042

Type  : Setup 'spi_ctrl:spi_ctrl_instance|spi_clk'
Slack : -8.426
TNS   : -386.219

Type  : Setup 'speed_select:speed_select|buad_clk_rx_reg'
Slack : -5.201
TNS   : -91.463

Type  : Setup 'my_uart_rx:my_uart_rx|rx_enable_reg'
Slack : -1.317
TNS   : -1.317

Type  : Hold 'clk'
Slack : -1.700
TNS   : -1.700

Type  : Hold 'speed_select:speed_select|buad_clk_rx_reg'
Slack : 0.042
TNS   : 0.000

Type  : Hold 'my_uart_rx:my_uart_rx|rx_enable_reg'
Slack : 1.763
TNS   : 0.000

Type  : Hold 'spi_ctrl:spi_ctrl_instance|spi_clk'
Slack : 1.899
TNS   : 0.000

Type  : Recovery 'clk'
Slack : -4.204
TNS   : -255.471

Type  : Recovery 'spi_ctrl:spi_ctrl_instance|spi_clk'
Slack : -3.638
TNS   : -196.536

Type  : Recovery 'rs232_rx'
Slack : -3.206
TNS   : -3.206

Type  : Recovery 'speed_select:speed_select|buad_clk_rx_reg'
Slack : 1.227
TNS   : 0.000

Type  : Removal 'speed_select:speed_select|buad_clk_rx_reg'
Slack : -1.281
TNS   : -1.281

Type  : Removal 'spi_ctrl:spi_ctrl_instance|spi_clk'
Slack : 2.860
TNS   : 0.000

Type  : Removal 'clk'
Slack : 2.969
TNS   : 0.000

Type  : Removal 'rs232_rx'
Slack : 3.652
TNS   : 0.000

Type  : Minimum Pulse Width 'clk'
Slack : -2.289
TNS   : -2.289

Type  : Minimum Pulse Width 'rs232_rx'
Slack : -2.289
TNS   : -2.289

Type  : Minimum Pulse Width 'my_uart_rx:my_uart_rx|rx_enable_reg'
Slack : 0.234
TNS   : 0.000

Type  : Minimum Pulse Width 'speed_select:speed_select|buad_clk_rx_reg'
Slack : 0.234
TNS   : 0.000

Type  : Minimum Pulse Width 'spi_ctrl:spi_ctrl_instance|spi_clk'
Slack : 0.234
TNS   : 0.000

------------------------------------------------------------
